01-30 13:06:25.303  5239  5239 I com.dell.sped: The ClassLoaderContext is a special shared library.
01-30 13:06:25.315  5239  5239 I chatty  : uid=10133(com.dell.sped) identical 1 line
01-30 13:06:25.321  5239  5239 I com.dell.sped: The ClassLoaderContext is a special shared library.
01-30 13:06:25.460  1705  1897 I netd    : firewallSetUidRule(2, 10133, 1) <0.03ms>
01-30 13:06:25.529  5239  5239 I com.dell.sped: The ClassLoaderContext is a special shared library.
01-30 13:06:25.655  1961  1988 I RoleUserState: Wrote roles.xml successfully
01-30 13:06:25.530  5239  5239 I com.dell.sped: The ClassLoaderContext is a special shared library.
01-30 13:06:25.674  5239  5239 W com.dell.sped: Accessing hidden method Landroid/app/Instrumentation;->execStartActivity(Landroid/content/Context;Landroid/os/IBinder;Landroid/os/IBinder;Landroid/app/Activity;Landroid/content/Intent;ILandroid/os/Bundle;)Landroid/app/Instrumentation$ActivityResult; (greylist, linking, allowed)
01-30 13:06:25.674  5239  5239 W com.dell.sped: Accessing hidden method Landroid/app/Instrumentation;->execStartActivity(Landroid/content/Context;Landroid/os/IBinder;Landroid/os/IBinder;Ljava/lang/String;Landroid/content/Intent;ILandroid/os/Bundle;)Landroid/app/Instrumentation$ActivityResult; (greylist, linking, allowed)
01-30 13:06:25.793  5239  5239 D FirebaseApp: com.google.firebase.crash.FirebaseCrash is not linked. Skipping initialization.
01-30 13:06:25.830  5239  5239 I FA      : App measurement is starting up, version: 11020
01-30 13:06:25.830  5239  5239 I FA      : To enable debug logging run: adb shell setprop log.tag.FA VERBOSE
01-30 13:06:25.861  5239  5239 I FA      : To enable faster debug mode event logging run:
01-30 13:06:25.861  5239  5239 I FA      :   adb shell setprop debug.firebase.analytics.app com.dell.sped
01-30 13:06:25.887  5239  5258 W DynamiteModule: Local module descriptor class for com.google.firebase.auth not found.
01-30 13:06:25.902  5239  5258 W DynamiteModule: Local module descriptor class for com.google.firebase.auth not found.
01-30 13:06:25.909  5239  5239 I FirebaseInitProvider: FirebaseApp initialization successful
01-30 13:06:25.924  5239  5258 W com.dell.sped: Unsupported class loader
01-30 13:06:25.942  5239  5239 I MonitoringInstr: Instrumentation started!
01-30 13:06:25.945  5239  5239 I MonitoringInstr: Setting context classloader to 'dalvik.system.PathClassLoader[DexPathList[[zip file "/system/framework/android.test.runner.jar", zip file "/system/framework/android.test.mock.jar", zip file "/data/app/com.dell.sped.test-_I3gqVCXL9nQdY5K_6Kp7g==/base.apk", zip file "/data/app/com.dell.sped-LKXATudAfMlKtbEos2LeAQ==/base.apk"],nativeLibraryDirectories=[/data/app/com.dell.sped.test-_I3gqVCXL9nQdY5K_6Kp7g==/lib/x86, /data/app/com.dell.sped-LKXATudAfMlKtbEos2LeAQ==/lib/x86, /system/lib, /system/product/lib]]]', Original: 'dalvik.system.PathClassLoader[DexPathList[[zip file "/system/framework/android.test.runner.jar", zip file "/system/framework/android.test.mock.jar", zip file "/data/app/com.dell.sped.test-_I3gqVCXL9nQdY5K_6Kp7g==/base.apk", zip file "/data/app/com.dell.sped-LKXATudAfMlKtbEos2LeAQ==/base.apk"],nativeLibraryDirectories=[/data/app/com.dell.sped.test-_I3gqVCXL9nQdY5K_6Kp7g==/lib/x86, /data/app/com.dell.sped-LKXATudAfMlKtbEos2LeAQ==/lib/x86, /system/lib, /system/product/lib]]]'
01-30 13:06:25.985  5239  5239 I MonitoringInstr: No JSBridge.
01-30 13:06:26.007  5239  5264 I MonitoringInstr: Setting context classloader to 'dalvik.system.PathClassLoader[DexPathList[[zip file "/system/framework/android.test.runner.jar", zip file "/system/framework/android.test.mock.jar", zip file "/data/app/com.dell.sped.test-_I3gqVCXL9nQdY5K_6Kp7g==/base.apk", zip file "/data/app/com.dell.sped-LKXATudAfMlKtbEos2LeAQ==/base.apk"],nativeLibraryDirectories=[/data/app/com.dell.sped.test-_I3gqVCXL9nQdY5K_6Kp7g==/lib/x86, /data/app/com.dell.sped-LKXATudAfMlKtbEos2LeAQ==/lib/x86, /system/lib, /system/product/lib]]]', Original: 'dalvik.system.PathClassLoader[DexPathList[[zip file "/system/framework/android.test.runner.jar", zip file "/system/framework/android.test.mock.jar", zip file "/data/app/com.dell.sped.test-_I3gqVCXL9nQdY5K_6Kp7g==/base.apk", zip file "/data/app/com.dell.sped-LKXATudAfMlKtbEos2LeAQ==/base.apk"],nativeLibraryDirectories=[/data/app/com.dell.sped.test-_I3gqVCXL9nQdY5K_6Kp7g==/lib/x86, /data/app/com.dell.sped-LKXATudAfMlKtbEos2LeAQ==/lib/x86, /system/lib, /system/product/lib]]]'
01-30 13:06:26.038  5239  5264 I UsageTrackerFacilitator: Usage tracking enabled
01-30 13:06:26.045  5239  5264 I TestRequestBuilder: Scanning classpath to find tests in paths [/data/app/com.dell.sped.test-_I3gqVCXL9nQdY5K_6Kp7g==/base.apk]
01-30 13:06:26.046  5239  5264 W com.dell.sped: Opening an oat file without a class loader. Are you using the deprecated DexFile APIs?
01-30 13:06:26.255  5239  5264 D TestExecutor: Adding listener androidx.test.internal.runner.listener.LogRunListener
01-30 13:06:26.255  5239  5264 D TestExecutor: Adding listener androidx.test.internal.runner.listener.InstrumentationResultPrinter
01-30 13:06:26.255  5239  5264 D TestExecutor: Adding listener androidx.test.internal.runner.listener.ActivityFinisherRunListener
01-30 13:06:26.256  5239  5264 I TestRunner: run started: 1 tests
01-30 13:06:26.258  5239  5264 I TestRunner: started: useAppContext(com.dell.sped.ExampleInstrumentedTest)
01-30 13:06:26.262  5239  5239 I MonitoringInstr: Activities that are still in CREATED to STOPPED: 0
01-30 13:06:26.262  5239  5264 I TestRunner: finished: useAppContext(com.dell.sped.ExampleInstrumentedTest)
01-30 13:06:26.267  5239  5239 I MonitoringInstr: Activities that are still in CREATED to STOPPED: 0
01-30 13:06:26.268  5239  5264 I TestRunner: run finished: 1 tests, 0 failed, 0 ignored
01-30 13:06:26.286  5239  5264 D NetworkSecurityConfig: No Network Security Config specified, using platform default
01-30 13:06:26.732  1705  5269 E ResolverController: No valid NAT64 prefix (101, <unspecified>/0)
01-30 13:06:26.737  5239  5264 W InfraTrack: Analytics post: AndroidJUnitRunner=1.1.0 failed. 
01-30 13:06:26.737  5239  5264 W InfraTrack: java.net.ConnectException: Failed to connect to www.google-analytics.com/:::443
01-30 13:06:26.737  5239  5264 W InfraTrack: 	at com.android.okhttp.internal.io.RealConnection.connectSocket(RealConnection.java:147)
01-30 13:06:26.737  5239  5264 W InfraTrack: 	at com.android.okhttp.internal.io.RealConnection.connect(RealConnection.java:116)
01-30 13:06:26.737  5239  5264 W InfraTrack: 	at com.android.okhttp.internal.http.StreamAllocation.findConnection(StreamAllocation.java:186)
01-30 13:06:26.737  5239  5264 W InfraTrack: 	at com.android.okhttp.internal.http.StreamAllocation.findHealthyConnection(StreamAllocation.java:128)
01-30 13:06:26.737  5239  5264 W InfraTrack: 	at com.android.okhttp.internal.http.StreamAllocation.newStream(StreamAllocation.java:97)
01-30 13:06:26.737  5239  5264 W InfraTrack: 	at com.android.okhttp.internal.http.HttpEngine.connect(HttpEngine.java:289)
01-30 13:06:26.737  5239  5264 W InfraTrack: 	at com.android.okhttp.internal.http.HttpEngine.sendRequest(HttpEngine.java:232)
01-30 13:06:26.737  5239  5264 W InfraTrack: 	at com.android.okhttp.internal.huc.HttpURLConnectionImpl.execute(HttpURLConnectionImpl.java:465)
01-30 13:06:26.737  5239  5264 W InfraTrack: 	at com.android.okhttp.internal.huc.HttpURLConnectionImpl.connect(HttpURLConnectionImpl.java:131)
01-30 13:06:26.737  5239  5264 W InfraTrack: 	at com.android.okhttp.internal.huc.HttpURLConnectionImpl.getOutputStream(HttpURLConnectionImpl.java:262)
01-30 13:06:26.737  5239  5264 W InfraTrack: 	at com.android.okhttp.internal.huc.DelegatingHttpsURLConnection.getOutputStream(DelegatingHttpsURLConnection.java:219)
01-30 13:06:26.737  5239  5264 W InfraTrack: 	at com.android.okhttp.internal.huc.HttpsURLConnectionImpl.getOutputStream(HttpsURLConnectionImpl.java:30)
01-30 13:06:26.737  5239  5264 W InfraTrack: 	at androidx.test.internal.runner.tracker.AnalyticsBasedUsageTracker.sendUsages(AnalyticsBasedUsageTracker.java:277)
01-30 13:06:26.737  5239  5264 W InfraTrack: 	at androidx.test.runner.UsageTrackerFacilitator.sendUsages(UsageTrackerFacilitator.java:80)
01-30 13:06:26.737  5239  5264 W InfraTrack: 	at androidx.test.runner.AndroidJUnitRunner.finish(AndroidJUnitRunner.java:404)
01-30 13:06:26.737  5239  5264 W InfraTrack: 	at androidx.test.runner.AndroidJUnitRunner.onStart(AndroidJUnitRunner.java:397)
01-30 13:06:26.737  5239  5264 W InfraTrack: 	at android.app.Instrumentation$InstrumentationThread.run(Instrumentation.java:2189)
01-30 13:06:26.738  5239  5264 I MonitoringInstr: waitForActivitiesToComplete() took: 0ms
01-30 13:06:26.738  5239  5239 I MonitoringInstr: Activities that are still in CREATED to STOPPED: 0
01-30 13:06:26.741  1961  2341 I ActivityManager: Force stopping com.dell.sped appid=10133 user=0: finished inst
01-30 13:06:26.743  1961  2341 I ActivityManager: Killing 5239:com.dell.sped/u0a133 (adj 0): stop com.dell.sped
01-30 13:06:26.747  1961  2341 W ActivityManager: Scheduling restart of crashed service com.dell.sped/com.google.firebase.iid.FirebaseInstanceIdService in 1920ms
01-30 13:06:26.751  1961  2341 I ActivityManager:   Force stopping service ServiceRecord{1e9479b u0 com.dell.sped/com.google.firebase.iid.FirebaseInstanceIdService}
01-30 13:06:26.751  1961  5270 W Binder  : Outgoing transactions from this process must be FLAG_ONEWAY
01-30 13:06:26.751  1961  5270 W Binder  : java.lang.Throwable
01-30 13:06:26.751  1961  5270 W Binder  : 	at android.os.BinderProxy.transact(BinderProxy.java:480)
01-30 13:06:26.751  1961  5270 W Binder  : 	at android.app.IInstrumentationWatcher$Stub$Proxy.instrumentationFinished(IInstrumentationWatcher.java:205)
01-30 13:06:26.751  1961  5270 W Binder  : 	at com.android.server.am.InstrumentationReporter$MyThread.run(InstrumentationReporter.java:86)
01-30 13:06:26.752  5216  5216 D AndroidRuntime: Shutting down VM
01-30 13:06:26.791  1706  1706 I Zygote  : Process 5239 exited due to signal 9 (Killed)
01-30 13:06:26.820  1961  1989 I ActivityManager: Force stopping com.dell.sped.test appid=10134 user=-1: deletePackageX
01-30 13:06:26.832  1961  1991 I libprocessgroup: Successfully killed process cgroup uid 10133 pid 5239 in 88ms
01-30 13:06:26.929  1795  1795 I keystore: clear_uid 10134
01-30 13:06:26.931  1961  2001 D PackageManager: Instant App installer not found with android.intent.action.INSTALL_INSTANT_APP_PACKAGE
01-30 13:06:26.933  1961  2001 D PackageManager: Clear ephemeral installer activity
01-30 13:06:26.943  1961  2001 E PermissionMonitor: unknown permission type: -1for uid: 10134
01-30 13:06:26.944  1705  1897 I netd    : trafficSetNetPermForUids(-1, [10134]) <0.05ms>
01-30 13:06:27.047  1961  2001 I system_server: Explicit concurrent copying GC freed 63468(3206KB) AllocSpace objects, 10(328KB) LOS objects, 36% free, 10MB/16MB, paused 802us total 99.381ms
01-30 13:06:27.055  1961  2001 I ActivityManager: Force stopping com.dell.sped.test appid=10134 user=0: pkg removed
01-30 13:06:27.087  1961  1961 I RoleManagerService: Granting default permissions...
01-30 13:06:27.090  1961  1989 W BroadcastQueue: Background execution not allowed: receiving Intent { act=android.intent.action.PACKAGE_REMOVED dat=package:com.dell.sped.test flg=0x4000010 (has extras) } to com.android.musicfx/.Compatibility$Receiver
01-30 13:06:27.092  1961  1989 W BroadcastQueue: Background execution not allowed: receiving Intent { act=android.intent.action.PACKAGE_REMOVED dat=package:com.dell.sped.test flg=0x4000010 (has extras) } to com.google.android.gms/.games.chimera.GamesSystemBroadcastReceiverProxy
01-30 13:06:27.092  1961  1989 W BroadcastQueue: Background execution not allowed: receiving Intent { act=android.intent.action.PACKAGE_REMOVED dat=package:com.dell.sped.test flg=0x4000010 (has extras) } to com.google.android.gms/.chimera.GmsIntentOperationService$PersistentTrustedReceiver
01-30 13:06:27.092  1961  1989 W BroadcastQueue: Background execution not allowed: receiving Intent { act=android.intent.action.PACKAGE_REMOVED dat=package:com.dell.sped.test flg=0x4000010 (has extras) } to com.google.android.googlequicksearchbox/com.google.android.apps.gsa.googlequicksearchbox.GelStubAppWatcher
01-30 13:06:27.139  1961  1980 E PackageManager: failed to find package com.dell.sped.test
01-30 13:06:27.139  1961  1980 E OverlayManager: Failed to change enabled overlays for com.dell.sped.test user 0
01-30 13:06:27.149  2490  2490 I GeofencerStateMachine: removeGeofences: removeRequest=RemoveGeofencingRequest[REMOVE_ALL packageName=com.dell.sped.test]
01-30 13:06:27.156  1961  2060 I InputReader: Reconfiguring input devices.  changes=0x00000010
01-30 13:06:27.193  1706  1706 D Zygote  : Forked child process 5279
01-30 13:06:27.196  1961  1990 W ActivityManager: Slow operation: 73ms so far, now at startProcess: returned from zygote!
01-30 13:06:27.196  1961  1990 W ActivityManager: Slow operation: 74ms so far, now at startProcess: done updating battery stats
01-30 13:06:27.196  1961  1990 W ActivityManager: Slow operation: 74ms so far, now at startProcess: building log message
01-30 13:06:27.196  1961  1990 I ActivityManager: Start proc 5279:com.android.keychain/1000 for service {com.android.keychain/com.android.keychain.KeyChainService}
01-30 13:06:27.196  1961  1990 W ActivityManager: Slow operation: 74ms so far, now at startProcess: starting to update pids map
01-30 13:06:27.202  1961  1990 W ActivityManager: Slow operation: 79ms so far, now at startProcess: done updating pids map
01-30 13:06:27.209  1705  1897 I netd    : trafficSwapActiveStatsMap() <36.86ms>
01-30 13:06:27.218  1705  1897 I netd    : tetherGetStats() <7.28ms>
01-30 13:06:27.245  2490  5195 I Fitness : FitCleanupIntentOperation received Intent android.intent.action.PACKAGE_REMOVED [CONTEXT service_id=17 ]
01-30 13:06:27.252  3872  3872 E CarrierServices: [2] cqf.a: Invalid signature found for com.android.contacts: E39B7BFBE0A67D78292F6CC62E06CA27A2EBF255
01-30 13:06:27.284  5279  5279 W ndroid.keychai: Unexpected CPU variant for X86 using defaults: x86
01-30 13:06:27.295  1961  1989 I ActivityManager: Force stopping com.dell.sped appid=10133 user=-1: deletePackageX
01-30 13:06:27.313  3872  3872 E CarrierServices: [2] cqf.a: Invalid signature found for com.android.contacts: E39B7BFBE0A67D78292F6CC62E06CA27A2EBF255
01-30 13:06:27.349  1706  1706 D Zygote  : Forked child process 5290
01-30 13:06:27.350  1961  1990 W ActivityManager: Slow operation: 199ms so far, now at startProcess: returned from zygote!
01-30 13:06:27.359  2215  2215 D CarrierSvcBindHelper: No carrier app for: 0
01-30 13:06:27.362  1961  1990 W ActivityManager: Slow operation: 211ms so far, now at startProcess: done updating battery stats
01-30 13:06:27.362  1961  1990 W ActivityManager: Slow operation: 211ms so far, now at startProcess: building log message
01-30 13:06:27.362  1961  1990 I ActivityManager: Start proc 5290:com.android.chrome/u0a122 for broadcast {com.android.chrome/org.chromium.chrome.browser.browserservices.ClientAppBroadcastReceiver}
01-30 13:06:27.363  1961  1990 W ActivityManager: Slow operation: 211ms so far, now at startProcess: starting to update pids map
01-30 13:06:27.363  1961  1990 W ActivityManager: Slow operation: 211ms so far, now at startProcess: done updating pids map
01-30 13:06:27.376  5290  5290 W .android.chrom: Unexpected CPU variant for X86 using defaults: x86
01-30 13:06:27.378  1961  1961 W Looper  : Slow dispatch took 162ms main h=android.app.ActivityThread$H c=android.app.-$$Lambda$LoadedApk$ReceiverDispatcher$Args$_BumDX2UKsnxLVrE6UJsJZkotuA@b7d1887 m=0
01-30 13:06:27.382  1961  2001 I PackageManager: Removing old permission tree: com.dell.sped.permission.C2D_MESSAGE from package com.dell.sped
01-30 13:06:27.382  1961  2001 I PackageManager: Un-granting permission android.permission.MANAGE_DOCUMENTS from package com.google.android.youtube (protectionLevel=262146 flags=0x30dbbe45)
01-30 13:06:27.382  1961  2001 I PackageManager: Un-granting permission com.google.android.googleapps.permission.GOOGLE_AUTH from package com.android.providers.calendar (protectionLevel=2 flags=0x30883e45)
01-30 13:06:27.382  1961  2001 I PackageManager: Un-granting permission com.google.android.googleapps.permission.GOOGLE_AUTH.cl from package com.android.providers.calendar (protectionLevel=2 flags=0x30883e45)
01-30 13:06:27.382  1961  2001 I PackageManager: Un-granting permission android.permission.WRITE_SECURE_SETTINGS from package com.google.android.apps.enterprise.dmagent (protectionLevel=50 flags=0x30083e05)
01-30 13:06:27.382  1961  2001 I PackageManager: Un-granting permission android.permission.CONNECTIVITY_INTERNAL from package com.google.android.apps.enterprise.dmagent (protectionLevel=18 flags=0x30083e05)
01-30 13:06:27.382  1961  2001 I PackageManager: Un-granting permission android.permission.MANAGE_USB from package com.google.android.apps.enterprise.dmagent (protectionLevel=18 flags=0x30083e05)
01-30 13:06:27.383  1961  2001 I PackageManager: Un-granting permission android.permission.CHANGE_COMPONENT_ENABLED_STATE from package com.google.android.apps.enterprise.dmagent (protectionLevel=18 flags=0x30083e05)
01-30 13:06:27.383  1961  2001 I PackageManager: Un-granting permission android.permission.MANAGE_CA_CERTIFICATES from package com.google.android.apps.enterprise.dmagent (protectionLevel=18 flags=0x30083e05)
01-30 13:06:27.383  1961  2001 I PackageManager: Un-granting permission android.permission.MANAGE_USERS from package com.google.android.apps.enterprise.dmagent (protectionLevel=18 flags=0x30083e05)
01-30 13:06:27.383  1961  2001 I PackageManager: Un-granting permission com.google.android.setupwizard.READ_DEVICE_ORIGIN from package com.google.android.apps.messaging (protectionLevel=18 flags=0x38cbbe45)
01-30 13:06:27.383  1961  2001 I PackageManager: Un-granting permission android.permission.BIND_WALLPAPER from package com.android.camera2 (protectionLevel=18 flags=0x20d8bc45)
01-30 13:06:27.383  1961  2001 I PackageManager: Un-granting permission android.permission.REQUEST_INSTALL_PACKAGES from package com.google.android.gm (protectionLevel=66 flags=0x38cbbe45)
01-30 13:06:27.384  1961  2001 I PackageManager: Un-granting permission android.permission.BIND_JOB_SERVICE from package com.google.android.music (protectionLevel=2 flags=0x38cbbe65)
01-30 13:06:27.384  1961  2001 I PackageManager: Un-granting permission android.permission.CONNECTIVITY_USE_RESTRICTED_NETWORKS from package com.google.android.captiveportallogin (protectionLevel=18 flags=0x38c8be45)
01-30 13:06:27.384  1961  2001 I PackageManager: Un-granting permission android.permission.NETWORK_BYPASS_PRIVATE_DNS from package com.google.android.captiveportallogin (protectionLevel=2 flags=0x38c8be45)
01-30 13:06:27.384  1961  2001 I PackageManager: Un-granting permission android.permission.REQUEST_INSTALL_PACKAGES from package com.google.android.apps.docs (protectionLevel=66 flags=0x38cbbe45)
01-30 13:06:27.384  1961  2001 I PackageManager: Un-granting permission android.permission.INTERACT_ACROSS_USERS from package com.google.android.syncadapters.contacts (protectionLevel=50 flags=0x20883e45)
01-30 13:06:27.384  1961  2001 I PackageManager: Un-granting permission android.permission.REQUEST_INSTALL_PACKAGES from package com.android.chrome (protectionLevel=66 flags=0xa0cbbe45)
01-30 13:06:27.384  1961  2001 I PackageManager: Un-granting permission com.google.android.apps.now.CURRENT_ACCOUNT_ACCESS from package com.android.chrome (protectionLevel=2 flags=0xa0cbbe45)
01-30 13:06:27.385  1961  2001 I PackageManager: Un-granting permission android.permission.CAPTURE_VIDEO_OUTPUT from package com.google.android.gms (protectionLevel=2 flags=0xb0cabe45)
01-30 13:06:27.385  1961  2001 I PackageManager: Un-granting permission android.permission.MANAGE_DEVICE_ADMINS from package com.google.android.gms (protectionLevel=2 flags=0xb0cabe45)
01-30 13:06:27.385  1961  2001 I PackageManager: Un-granting permission android.permission.MANAGE_ACTIVITY_STACKS from package com.google.android.gms (protectionLevel=2 flags=0xb0cabe45)
01-30 13:06:27.385  1961  2001 I PackageManager: Un-granting permission android.permission.CAPTURE_SECURE_VIDEO_OUTPUT from package com.google.android.gms (protectionLevel=2 flags=0xb0cabe45)
01-30 13:06:27.385  1961  2001 I PackageManager: Un-granting permission android.permission.MANAGE_ROLLBACKS from package com.google.android.gms (protectionLevel=514 flags=0xb0cabe45)
01-30 13:06:27.387  1961  2001 I PackageManager: Un-granting permission com.google.android.googleapps.permission.GOOGLE_AUTH from package com.google.android.videos (protectionLevel=2 flags=0x30dbbe45)
01-30 13:06:27.387  1961  2001 I PackageManager: Un-granting permission android.permission.WRITE_MEDIA_STORAGE from package com.google.android.apps.photos (protectionLevel=18 flags=0x38d9be45)
01-30 13:06:27.393  1961  1961 W Looper  : Slow delivery took 295ms main h=android.app.ActivityThread$H c=android.app.-$$Lambda$LoadedApk$ReceiverDispatcher$Args$_BumDX2UKsnxLVrE6UJsJZkotuA@e5a5bdd m=0
01-30 13:06:27.409  1961  2069 D WifiConfigManager: Remove all networks for app ApplicationInfo{b25d8d9 com.dell.sped.test}
01-30 13:06:27.423  1961  1961 I ConditionProviders: Disallowing condition provider com.dell.sped.test
01-30 13:06:27.440  5279  5279 I ndroid.keychai: The ClassLoaderContext is a special shared library.
01-30 13:06:27.468  5290  5290 I .android.chrom: The ClassLoaderContext is a special shared library.
01-30 13:06:27.469  1961  1961 W Looper  : Drained
01-30 13:06:27.477  5290  5290 I .android.chrom: The ClassLoaderContext is a special shared library.
01-30 13:06:27.507  1961  2069 D WifiConfigStore: Writing to stores completed in 84 ms.
01-30 13:06:27.519  1961  2069 E PasspointManager: No app ops listener found for com.dell.sped.test
01-30 13:06:27.527  1961  2069 I DropBoxManagerService: add tag=system_server_wtf isTagEnabled=true flags=0x2
01-30 13:06:27.578  1961  4455 W system_server: Long monitor contention with owner PackageManager (2001) at void com.android.server.pm.PackageManagerService.removePackageDataLIF(com.android.server.pm.PackageSetting, int[], com.android.server.pm.PackageManagerService$PackageRemovedInfo, int, boolean)(PackageManagerService.java:18934) waiters=2 in int com.android.server.pm.PackageManagerService.checkUidPermission(java.lang.String, int) for 115ms
01-30 13:06:27.582  1961  1981 W Looper  : Slow dispatch took 144ms android.ui h=com.android.server.am.ActivityManagerService$UiHandler c=null m=53
01-30 13:06:27.595  2651  3017 W gle.android.gm: Long monitor contention with owner main (2651) at void acva.a(acvc, long)(:com.google.android.gms@202414022@20.24.14 (040700-319035315):17) waiters=0 in void acva.a(acvc, long) for 193ms
01-30 13:06:27.633  2651  3530 D ActivityThread: Loading provider com.google.android.gms.appstate: com.google.android.gms.appstate.provider.AppStateContentProvider
01-30 13:06:27.666  1961  2056 W ActivityManager: Unable to start service Intent { act=com.google.android.gms.drive.ApiService.RESET_AFTER_BOOT flg=0x4 cmp=com.google.android.gms/.drive.api.ApiService (has extras) } U=0: not found
01-30 13:06:27.677  1795  1795 I keystore: clear_uid 10133
01-30 13:06:27.703  1961  2001 D PackageManager: Instant App installer not found with android.intent.action.INSTALL_INSTANT_APP_PACKAGE
01-30 13:06:27.703  1961  2001 D PackageManager: Clear ephemeral installer activity
01-30 13:06:27.707  1961  3346 W ActivityManager: Background start not allowed: service Intent { cmp=com.google.android.apps.messaging/.shared.datamodel.action.execution.ActionExecutorImpl$EmptyService } to com.google.android.apps.messaging/.shared.datamodel.action.execution.ActionExecutorImpl$EmptyService from pid=3355 uid=10114 pkg=com.google.android.apps.messaging startFg?=false
01-30 13:06:27.725  1961  2001 E PermissionMonitor: unknown permission type: -1for uid: 10133
01-30 13:06:27.726  1705  1897 E TrafficController: Failed to clean up the permission for 10133: No such file or directory
01-30 13:06:27.726  1705  1897 I netd    : trafficSetNetPermForUids(-1, [10133]) <0.13ms>
01-30 13:06:27.733  5279  5331 W KeyChain: Creating new DB.
01-30 13:06:27.735  5279  5331 W KeyChain: Got Alias from KeyStore: WifiConfigStore.xml.encrypted-checksum.data-integrity-checker-key
01-30 13:06:27.735  5279  5331 W KeyChain: Existing alias: WifiConfigStore.xml.encrypted-checksum.data-integrity-checker-key
01-30 13:06:27.735  5279  5331 W KeyChain: Marking as selectable: WifiConfigStore.xml.encrypted-checksum.data-integrity-checker-key
01-30 13:06:27.746  5290  5290 I LoadedApk: No resource references to update in package com.google.android.trichromelibrary
01-30 13:06:27.756  2651  5332 I gle.android.gm: IncrementDisableThreadFlip blocked for 18.851ms
01-30 13:06:27.783  2651  3511 I Icing   : doRemovePackageData com.dell.sped.test
01-30 13:06:27.911  1706  1706 D Zygote  : Forked child process 5337
01-30 13:06:27.936  5337  5337 W oid.documentsu: Unexpected CPU variant for X86 using defaults: x86
01-30 13:06:27.939  1961  1990 W ActivityManager: Slow operation: 52ms so far, now at startProcess: returned from zygote!
01-30 13:06:27.981  1961  1990 W ActivityManager: Slow operation: 94ms so far, now at startProcess: done updating battery stats
01-30 13:06:27.981  1961  1990 W ActivityManager: Slow operation: 94ms so far, now at startProcess: building log message
01-30 13:06:27.982  1961  1990 I ActivityManager: Start proc 5337:com.android.documentsui/u0a61 for broadcast {com.android.documentsui/com.android.documentsui.PackageReceiver}
01-30 13:06:27.982  1961  1990 W ActivityManager: Slow operation: 94ms so far, now at startProcess: starting to update pids map
01-30 13:06:27.984  1961  1990 W ActivityManager: Slow operation: 97ms so far, now at startProcess: done updating pids map
01-30 13:06:27.987  2651  5218 W DriveInitializer: Awaiting to be initialized
01-30 13:06:28.009  2651  2664 I gle.android.gm: Background young concurrent copying GC freed 46605(3043KB) AllocSpace objects, 19(828KB) LOS objects, 25% free, 10158KB/13MB, paused 17.129ms total 295.725ms
01-30 13:06:28.040  5337  5337 D ApplicationLoaders: Returning zygote-cached class loader: /system/framework/android.hidl.base-V1.0-java.jar
01-30 13:06:28.040  5337  5337 D ApplicationLoaders: Returning zygote-cached class loader: /system/framework/android.hidl.manager-V1.0-java.jar
01-30 13:06:28.040  5337  5337 D ApplicationLoaders: Returning zygote-cached class loader: /system/framework/android.hidl.base-V1.0-java.jar
01-30 13:06:28.043  5337  5337 I oid.documentsu: The ClassLoaderContext is a special shared library.
01-30 13:06:28.083  2651  3325 I Icing   : Indexing com.google.android.gms-apps from com.google.android.gms
01-30 13:06:28.084  2651  3325 I Icing   : Indexing done com.google.android.gms-apps
01-30 13:06:28.218  3416  3518 I MicroDetectionWorker: #startMicroDetector [speakerMode: 0]
01-30 13:06:28.221  3416  3518 W ErrorReporter: reportError [type: 211, code: 393244, bug: 0]: errorCode: 393244, engine: 0
01-30 13:06:28.222  3416  3518 I MicroDetector: Keeping mic open: false
01-30 13:06:28.222  3416  3518 I MicroDetectionWorker: #onError(false)
01-30 13:06:28.329  1961  1988 E memtrack: Couldn't load memtrack module
01-30 13:06:28.329  1961  1988 W android.os.Debug: failed to get memory consumption info: -1
01-30 13:06:28.341  2651  3325 I PinnedContentDownloader: Finished downloading pinned content.
01-30 13:06:28.374  1961  1988 E memtrack: Couldn't load memtrack module
01-30 13:06:28.374  1961  1988 W android.os.Debug: failed to get memory consumption info: -1
01-30 13:06:28.433  5337  5337 D DocumentsApplication: OverlayManager.setEnabled() result: true
01-30 13:06:28.450  2651  3530 I ContentMaintenance: Internal cache bytes used: 0; limit: 40626585; download size: 0
01-30 13:06:28.457  4684  5366 I MediaProvider: Begin Intent { act=android.intent.action.PACKAGE_FULLY_REMOVED dat=package:com.dell.sped.test flg=0x5000010 cmp=com.android.providers.media/.MediaService (has extras) }
01-30 13:06:28.463  4684  5366 I MediaProvider: End Intent { act=android.intent.action.PACKAGE_FULLY_REMOVED dat=package:com.dell.sped.test flg=0x5000010 cmp=com.android.providers.media/.MediaService (has extras) }
01-30 13:06:28.470  1961  2738 I ActivityManager: Killing 4438:com.google.android.youtube/u0a123 (adj 975): empty #17
01-30 13:06:28.521  1706  1706 I Zygote  : Process 4438 exited due to signal 9 (Killed)
01-30 13:06:28.521  1961  2038 D ConnectivityService: ConnectivityService NetworkRequestInfo binderDied(NetworkRequest [ TRACK_DEFAULT id=23, [ Capabilities: INTERNET&NOT_RESTRICTED&TRUSTED Uid: 10123] ], android.os.BinderProxy@4bc0d9e)
01-30 13:06:28.521  1961  5107 D ConnectivityService: ConnectivityService NetworkRequestInfo binderDied(NetworkRequest [ LISTEN id=24, [ Capabilities: INTERNET&NOT_RESTRICTED&TRUSTED Uid: 10123] ], android.os.BinderProxy@66c207f)
01-30 13:06:28.523  1961  2074 D ConnectivityService: releasing NetworkRequest [ TRACK_DEFAULT id=23, [ Capabilities: INTERNET&NOT_RESTRICTED&TRUSTED Uid: 10123] ] (release request)
01-30 13:06:28.567  1961  1991 I libprocessgroup: Successfully killed process cgroup uid 10123 pid 4438 in 87ms
01-30 13:06:28.603  2651  3530 I RealtimeCacheCleanup: Beginning Realtime garbage collection.
01-30 13:06:28.618  2651  3530 I RealtimeCacheCleanup: Finished Realtime garbage collection.
01-30 13:06:28.620  3355  3745 I Bugle   : CountryCodeDetector: updateMainDeviceCountry from default subscription network country. detected country: us
01-30 13:06:28.670  2651  5150 I Vision  : Requesting optional module download of ocr.
01-30 13:06:28.672  1961  5107 I ActivityManager: Killing 4776:com.android.externalstorage/u0a44 (adj 915): empty #17
01-30 13:06:28.685  2651  5150 I Vision  : Checking for download completion for 131037 -- ocr
01-30 13:06:28.688  2651  5218 I ChimeraConfigurator: Starting update, reason: 4 urgentFeatures: vision.ocr:-1
01-30 13:06:28.688  1961  2001 I system_server: Explicit concurrent copying GC freed 46356(2742KB) AllocSpace objects, 26(1740KB) LOS objects, 34% free, 11MB/17MB, paused 5.274ms total 961.659ms
01-30 13:06:28.689  2651  5218 E ConfigFileUtils: Failed to read config file: /data/user_de/0/com.google.android.gms/app_chimera/next_container.pb: open failed: ENOENT (No such file or directory)
01-30 13:06:28.702  5337  5337 I ActivityThread: Removing dead content provider:android.content.ContentProviderProxy@4878adf
01-30 13:06:28.707  1961  2001 I ActivityManager: Force stopping com.dell.sped appid=10133 user=0: pkg removed
01-30 13:06:28.718  1706  1706 I Zygote  : Process 4776 exited due to signal 9 (Killed)
01-30 13:06:28.755  1961  2001 E HistoricalRegistry: Interaction before persistence initialized
01-30 13:06:28.772  1961  1991 I libprocessgroup: Successfully killed process cgroup uid 10044 pid 4776 in 99ms
01-30 13:06:28.787  1706  1706 D Zygote  : Forked child process 5369
01-30 13:06:28.794  1961  2060 I InputReader: Reconfiguring input devices.  changes=0x00000010
01-30 13:06:28.797  1961  1961 I RoleManagerService: Granting default permissions...
01-30 13:06:28.810  1961  1989 W BroadcastQueue: Background execution not allowed: receiving Intent { act=android.intent.action.PACKAGE_REMOVED dat=package:com.dell.sped flg=0x4000010 (has extras) } to com.android.musicfx/.Compatibility$Receiver
01-30 13:06:28.811  1961  1989 W BroadcastQueue: Background execution not allowed: receiving Intent { act=android.intent.action.PACKAGE_REMOVED dat=package:com.dell.sped flg=0x4000010 (has extras) } to com.google.android.gms/.games.chimera.GamesSystemBroadcastReceiverProxy
01-30 13:06:28.812  1961  1990 I ActivityManager: Start proc 5369:com.android.mtp/u0a45 for content provider {com.android.mtp/com.android.mtp.MtpDocumentsProvider}
01-30 13:06:28.861  1961  1989 W BroadcastQueue: Background execution not allowed: receiving Intent { act=android.intent.action.PACKAGE_REMOVED dat=package:com.dell.sped flg=0x4000010 (has extras) } to com.google.android.gms/.chimera.GmsIntentOperationService$PersistentTrustedReceiver
01-30 13:06:28.862  1961  1989 W BroadcastQueue: Background execution not allowed: receiving Intent { act=android.intent.action.PACKAGE_REMOVED dat=package:com.dell.sped flg=0x4000010 (has extras) } to com.google.android.googlequicksearchbox/com.google.android.apps.gsa.googlequicksearchbox.GelStubAppWatcher
01-30 13:06:28.862  5369  5369 W com.android.mt: Unexpected CPU variant for X86 using defaults: x86
01-30 13:06:28.872  2490  2490 I GeofencerStateMachine: removeGeofences: removeRequest=RemoveGeofencingRequest[REMOVE_ALL packageName=com.dell.sped]
01-30 13:06:28.899  2398  2419 I s.nexuslaunche: Background concurrent copying GC freed 12107(508KB) AllocSpace objects, 3(68KB) LOS objects, 49% free, 2528KB/5056KB, paused 602us total 188.730ms
01-30 13:06:28.939  1705  1897 I netd    : trafficSwapActiveStatsMap() <94.97ms>
01-30 13:06:28.942  1705  1897 I netd    : tetherGetStats() <1.79ms>
01-30 13:06:28.956  1961  1961 W Looper  : Slow dispatch took 121ms main h=android.app.ActivityThread$H c=android.app.-$$Lambda$LoadedApk$ReceiverDispatcher$Args$_BumDX2UKsnxLVrE6UJsJZkotuA@aec8d5a m=0
01-30 13:06:28.988  1961  1961 W Looper  : Slow delivery took 212ms main h=android.app.ActivityThread$H c=android.app.-$$Lambda$LoadedApk$ReceiverDispatcher$Args$_BumDX2UKsnxLVrE6UJsJZkotuA@3639567 m=0
01-30 13:06:28.989  1961  1989 W system_server: Long monitor contention with owner main (1961) at android.content.ComponentName com.android.server.am.ActivityManagerService.startService(android.app.IApplicationThread, android.content.Intent, java.lang.String, boolean, java.lang.String, int)(ActivityManagerService.java:13909) waiters=2 in void com.android.server.am.BroadcastQueue.processNextBroadcast(boolean) for 109ms
01-30 13:06:29.038  2651  5218 I ChmraDebugLogger: [73] 1801
01-30 13:06:29.049  1961  3346 W system_server: Long monitor contention with owner main (1961) at android.content.ComponentName com.android.server.am.ActivityManagerService.startService(android.app.IApplicationThread, android.content.Intent, java.lang.String, boolean, java.lang.String, int)(ActivityManagerService.java:13909) waiters=3 in boolean com.android.server.am.ActivityManagerService.refContentProvider(android.os.IBinder, int, int) for 133ms
01-30 13:06:29.056  1961  1961 I ConditionProviders: Disallowing condition provider com.dell.sped
01-30 13:06:29.056  1961  2069 D WifiConfigManager: Remove all networks for app ApplicationInfo{5da094f com.dell.sped}
01-30 13:06:29.084  2651  5218 I ChmraDebugLogger: [30] [VisionOcr.optional:202414000700] permitMetered=true,
01-30 13:06:29.110  2215  2215 D CarrierSvcBindHelper: No carrier app for: 0
01-30 13:06:29.111  3872  3872 E CarrierServices: [2] cqf.a: Invalid signature found for com.android.contacts: E39B7BFBE0A67D78292F6CC62E06CA27A2EBF255
01-30 13:06:29.127  1961  1961 W Looper  : Drained
01-30 13:06:29.151  2651  5218 W ChimeraConfigService: Retry attempt was throttled.
01-30 13:06:29.158  5369  5369 I com.android.mt: The ClassLoaderContext is a special shared library.
01-30 13:06:29.182  3872  3872 E CarrierServices: [2] cqf.a: Invalid signature found for com.android.contacts: E39B7BFBE0A67D78292F6CC62E06CA27A2EBF255
01-30 13:06:29.257  4684  5395 I MediaProvider: Begin Intent { act=android.intent.action.PACKAGE_FULLY_REMOVED dat=package:com.dell.sped flg=0x5000010 cmp=com.android.providers.media/.MediaService (has extras) }
01-30 13:06:29.259  4684  5395 I MediaProvider: End Intent { act=android.intent.action.PACKAGE_FULLY_REMOVED dat=package:com.dell.sped flg=0x5000010 cmp=com.android.providers.media/.MediaService (has extras) }
01-30 13:06:29.270  1961  1977 I ActivityManager: Killing 3566:com.google.android.partnersetup/u0a94 (adj 975): empty #17
01-30 13:06:29.335  1961  1988 E memtrack: Couldn't load memtrack module
01-30 13:06:29.335  1961  1988 W android.os.Debug: failed to get memory consumption info: -1
01-30 13:06:29.335  1961  2069 D WifiConfigStore: Writing to stores completed in 277 ms.
01-30 13:06:29.336  1961  2069 E PasspointManager: No app ops listener found for com.dell.sped
01-30 13:06:29.339  1961  2069 I DropBoxManagerService: add tag=system_server_wtf isTagEnabled=true flags=0x2
